#Name:     
#Cmdline:  
#Exe:      
#SimulatorVersion:
#Repro:    
#Start:    Friday Fri Feb 24 23:25:19 2023
#Elapsed:  0.003501s
{0000000000 00000000 top.dispatch info} scheduleDispatchSession: no rob credits or no instructions to process
{0000000000 00000000 top.dispatch info} robCredits_: ROB got 10 credits, total: 10
{0000000000 00000000 top.dispatch info} receiveCredits_: alu0 got 10 credits, total: 10
{0000000000 00000000 top.dispatch info} scheduleDispatchSession: no rob credits or no instructions to process
{0000000000 00000000 top.dispatch info} receiveCredits_: fpu0 got 10 credits, total: 10
{0000000000 00000000 top.dispatch info} scheduleDispatchSession: no rob credits or no instructions to process
{0000000000 00000000 top.dispatch info} receiveCredits_: br0 got 10 credits, total: 10
{0000000000 00000000 top.dispatch info} scheduleDispatchSession: no rob credits or no instructions to process
{0000000000 00000000 top.dispatch info} receiveCredits_: lsu got 10 credits, total: 10
{0000000000 00000000 top.dispatch info} scheduleDispatchSession: no rob credits or no instructions to process
{0000000000 00000000 top.decode info} inCredits: Got credits from dut: 10
{0000000000 00000000 top.decode info} Sending group: 0x00000000 UID(0)  PID(0)  add
{0000000001 00000001 top.rename info} renameInstructions_: sending inst to dispatch: uid: 0 FETCHED 0 'add	3,1,2' 
{0000000001 00000001 top.rename info} renameInstructions_: 	setup destination register bit mask [0] for 'integer' scoreboard
{0000000001 00000001 top.rename info} renameInstructions_: Increasing reference counter on prf 1 and rf 0
{0000000001 00000001 top.rename info} renameInstructions_: 	setup source register bit mask [1] for 'integer' scoreboard
{0000000001 00000001 top.rename info} renameInstructions_: Increasing reference counter on prf 2 and rf 0
{0000000001 00000001 top.rename info} renameInstructions_: 	setup source register bit mask [1-2] for 'integer' scoreboard
{0000000001 00000001 top.decode info} inCredits: Got credits from dut: 1
{0000000001 00000001 top.decode info} Sending group: 0x00000000 UID(1)  PID(0)  add
{0000000002 00000002 top.dispatch info} dispatchQueueAppended_: queue appended: 0x00000000 UID(0)  PID(0)  add
{0000000002 00000002 top.dispatch info} dispatchInstructions_: Num to dispatch: 1
{0000000002 00000002 top.dispatch info} acceptInst: alu0: dispatching uid: 0 FETCHED 0 'add	3,1,2' 
{0000000002 00000002 top.dispatch info} dispatchInstructions_: Sending instruction: uid: 0 FETCHED 0 'add	3,1,2'  to alu0
{0000000002 00000002 top.rename info} renameInstructions_: sending inst to dispatch: uid: 1 FETCHED 0 'add	3,1,2' 
{0000000002 00000002 top.rename info} renameInstructions_: 	setup destination register bit mask [1] for 'integer' scoreboard
{0000000002 00000002 top.rename info} renameInstructions_: Increasing reference counter on prf 1 and rf 0
{0000000002 00000002 top.rename info} renameInstructions_: 	setup source register bit mask [1] for 'integer' scoreboard
{0000000002 00000002 top.rename info} renameInstructions_: Increasing reference counter on prf 2 and rf 0
{0000000002 00000002 top.rename info} renameInstructions_: 	setup source register bit mask [1-2] for 'integer' scoreboard
{0000000002 00000002 top.decode info} inCredits: Got credits from dut: 1
{0000000002 00000002 top.decode info} Sending group: 0x00000000 UID(2)  PID(0)  add
{0000000003 00000003 top.dispatch info} dispatchQueueAppended_: queue appended: 0x00000000 UID(1)  PID(0)  add
{0000000003 00000003 top.alu0 info} sinkInst_: Instruction: 'uid: 0 FETCHED 0 'add	3,1,2' ' sinked
{0000000003 00000003 top.dispatch info} dispatchInstructions_: Num to dispatch: 1
{0000000003 00000003 top.dispatch info} acceptInst: alu0: dispatching uid: 1 FETCHED 0 'add	3,1,2' 
{0000000003 00000003 top.dispatch info} dispatchInstructions_: Sending instruction: uid: 1 FETCHED 0 'add	3,1,2'  to alu0
{0000000003 00000003 top.rename info} renameInstructions_: sending inst to dispatch: uid: 2 FETCHED 0 'add	3,1,2' 
{0000000003 00000003 top.rename info} renameInstructions_: 	setup destination register bit mask [2] for 'integer' scoreboard
{0000000003 00000003 top.rename info} renameInstructions_: Increasing reference counter on prf 1 and rf 0
{0000000003 00000003 top.rename info} renameInstructions_: 	setup source register bit mask [1] for 'integer' scoreboard
{0000000003 00000003 top.rename info} renameInstructions_: Increasing reference counter on prf 2 and rf 0
{0000000003 00000003 top.rename info} renameInstructions_: 	setup source register bit mask [1-2] for 'integer' scoreboard
{0000000003 00000003 top.decode info} inCredits: Got credits from dut: 1
{0000000003 00000003 top.decode info} Sending group: 0x00000000 UID(3)  PID(0)  add
{0000000004 00000004 top.dispatch info} dispatchQueueAppended_: queue appended: 0x00000000 UID(2)  PID(0)  add
{0000000004 00000004 top.alu0 info} sinkInst_: Instruction: 'uid: 1 FETCHED 0 'add	3,1,2' ' sinked
{0000000004 00000004 top.dispatch info} receiveCredits_: alu0 got 2 credits, total: 10
{0000000004 00000004 top.dispatch info} dispatchInstructions_: Num to dispatch: 1
{0000000004 00000004 top.dispatch info} acceptInst: alu0: dispatching uid: 2 FETCHED 0 'add	3,1,2' 
{0000000004 00000004 top.dispatch info} dispatchInstructions_: Sending instruction: uid: 2 FETCHED 0 'add	3,1,2'  to alu0
{0000000004 00000004 top.rename info} renameInstructions_: sending inst to dispatch: uid: 3 FETCHED 0 'add	3,1,2' 
{0000000004 00000004 top.rename info} renameInstructions_: 	setup destination register bit mask [3] for 'integer' scoreboard
{0000000004 00000004 top.rename info} renameInstructions_: Increasing reference counter on prf 1 and rf 0
{0000000004 00000004 top.rename info} renameInstructions_: 	setup source register bit mask [1] for 'integer' scoreboard
{0000000004 00000004 top.rename info} renameInstructions_: Increasing reference counter on prf 2 and rf 0
{0000000004 00000004 top.rename info} renameInstructions_: 	setup source register bit mask [1-2] for 'integer' scoreboard
{0000000004 00000004 top.decode info} inCredits: Got credits from dut: 1
{0000000004 00000004 top.decode info} Sending group: 0x00000000 UID(4)  PID(0)  add
{0000000005 00000005 top.dispatch info} dispatchQueueAppended_: queue appended: 0x00000000 UID(3)  PID(0)  add
{0000000005 00000005 top.alu0 info} sinkInst_: Instruction: 'uid: 2 FETCHED 0 'add	3,1,2' ' sinked
{0000000005 00000005 top.dispatch info} receiveCredits_: alu0 got 1 credits, total: 10
{0000000005 00000005 top.dispatch info} dispatchInstructions_: Num to dispatch: 1
{0000000005 00000005 top.dispatch info} acceptInst: alu0: dispatching uid: 3 FETCHED 0 'add	3,1,2' 
{0000000005 00000005 top.dispatch info} dispatchInstructions_: Sending instruction: uid: 3 FETCHED 0 'add	3,1,2'  to alu0
{0000000005 00000005 top.rename info} renameInstructions_: sending inst to dispatch: uid: 4 FETCHED 0 'add	3,1,2' 
{0000000005 00000005 top.rename info} renameInstructions_: 	setup destination register bit mask [4] for 'integer' scoreboard
{0000000005 00000005 top.rename info} renameInstructions_: Increasing reference counter on prf 1 and rf 0
{0000000005 00000005 top.rename info} renameInstructions_: 	setup source register bit mask [1] for 'integer' scoreboard
{0000000005 00000005 top.rename info} renameInstructions_: Increasing reference counter on prf 2 and rf 0
{0000000005 00000005 top.rename info} renameInstructions_: 	setup source register bit mask [1-2] for 'integer' scoreboard
{0000000005 00000005 top.decode info} inCredits: Got credits from dut: 1
{0000000005 00000005 top.decode info} Sending group: 0x00000000 UID(5)  PID(0)  add
{0000000006 00000006 top.dispatch info} dispatchQueueAppended_: queue appended: 0x00000000 UID(4)  PID(0)  add
{0000000006 00000006 top.alu0 info} sinkInst_: Instruction: 'uid: 3 FETCHED 0 'add	3,1,2' ' sinked
{0000000006 00000006 top.dispatch info} receiveCredits_: alu0 got 1 credits, total: 10
{0000000006 00000006 top.dispatch info} dispatchInstructions_: Num to dispatch: 1
{0000000006 00000006 top.dispatch info} acceptInst: alu0: dispatching uid: 4 FETCHED 0 'add	3,1,2' 
{0000000006 00000006 top.dispatch info} dispatchInstructions_: Sending instruction: uid: 4 FETCHED 0 'add	3,1,2'  to alu0
{0000000006 00000006 top.rename info} renameInstructions_: sending inst to dispatch: uid: 5 FETCHED 0 'add	3,1,2' 
{0000000006 00000006 top.rename info} renameInstructions_: 	setup destination register bit mask [5] for 'integer' scoreboard
{0000000006 00000006 top.rename info} renameInstructions_: Increasing reference counter on prf 1 and rf 0
{0000000006 00000006 top.rename info} renameInstructions_: 	setup source register bit mask [1] for 'integer' scoreboard
{0000000006 00000006 top.rename info} renameInstructions_: Increasing reference counter on prf 2 and rf 0
{0000000006 00000006 top.rename info} renameInstructions_: 	setup source register bit mask [1-2] for 'integer' scoreboard
{0000000006 00000006 top.decode info} inCredits: Got credits from dut: 1
{0000000006 00000006 top.decode info} Sending group: 0x00000000 UID(6)  PID(0)  add
{0000000007 00000007 top.dispatch info} dispatchQueueAppended_: queue appended: 0x00000000 UID(5)  PID(0)  add
{0000000007 00000007 top.alu0 info} sinkInst_: Instruction: 'uid: 4 FETCHED 0 'add	3,1,2' ' sinked
{0000000007 00000007 top.dispatch info} receiveCredits_: alu0 got 1 credits, total: 10
{0000000007 00000007 top.dispatch info} dispatchInstructions_: Num to dispatch: 1
{0000000007 00000007 top.dispatch info} acceptInst: alu0: dispatching uid: 5 FETCHED 0 'add	3,1,2' 
{0000000007 00000007 top.dispatch info} dispatchInstructions_: Sending instruction: uid: 5 FETCHED 0 'add	3,1,2'  to alu0
{0000000007 00000007 top.rename info} renameInstructions_: sending inst to dispatch: uid: 6 FETCHED 0 'add	3,1,2' 
{0000000007 00000007 top.rename info} renameInstructions_: 	setup destination register bit mask [6] for 'integer' scoreboard
{0000000007 00000007 top.rename info} renameInstructions_: Increasing reference counter on prf 1 and rf 0
{0000000007 00000007 top.rename info} renameInstructions_: 	setup source register bit mask [1] for 'integer' scoreboard
{0000000007 00000007 top.rename info} renameInstructions_: Increasing reference counter on prf 2 and rf 0
{0000000007 00000007 top.rename info} renameInstructions_: 	setup source register bit mask [1-2] for 'integer' scoreboard
{0000000007 00000007 top.decode info} inCredits: Got credits from dut: 1
{0000000007 00000007 top.decode info} Sending group: 0x00000000 UID(7)  PID(0)  add
{0000000008 00000008 top.dispatch info} dispatchQueueAppended_: queue appended: 0x00000000 UID(6)  PID(0)  add
{0000000008 00000008 top.alu0 info} sinkInst_: Instruction: 'uid: 5 FETCHED 0 'add	3,1,2' ' sinked
{0000000008 00000008 top.dispatch info} receiveCredits_: alu0 got 1 credits, total: 10
{0000000008 00000008 top.dispatch info} dispatchInstructions_: Num to dispatch: 1
{0000000008 00000008 top.dispatch info} acceptInst: alu0: dispatching uid: 6 FETCHED 0 'add	3,1,2' 
{0000000008 00000008 top.dispatch info} dispatchInstructions_: Sending instruction: uid: 6 FETCHED 0 'add	3,1,2'  to alu0
{0000000008 00000008 top.rename info} renameInstructions_: sending inst to dispatch: uid: 7 FETCHED 0 'add	3,1,2' 
{0000000008 00000008 top.rename info} renameInstructions_: 	setup destination register bit mask [7] for 'integer' scoreboard
{0000000008 00000008 top.rename info} renameInstructions_: Increasing reference counter on prf 1 and rf 0
{0000000008 00000008 top.rename info} renameInstructions_: 	setup source register bit mask [1] for 'integer' scoreboard
{0000000008 00000008 top.rename info} renameInstructions_: Increasing reference counter on prf 2 and rf 0
{0000000008 00000008 top.rename info} renameInstructions_: 	setup source register bit mask [1-2] for 'integer' scoreboard
{0000000008 00000008 top.decode info} inCredits: Got credits from dut: 1
{0000000008 00000008 top.decode info} Sending group: 0x00000000 UID(8)  PID(0)  add
{0000000009 00000009 top.dispatch info} dispatchQueueAppended_: queue appended: 0x00000000 UID(7)  PID(0)  add
{0000000009 00000009 top.alu0 info} sinkInst_: Instruction: 'uid: 6 FETCHED 0 'add	3,1,2' ' sinked
{0000000009 00000009 top.dispatch info} receiveCredits_: alu0 got 1 credits, total: 10
{0000000009 00000009 top.dispatch info} dispatchInstructions_: Num to dispatch: 1
{0000000009 00000009 top.dispatch info} acceptInst: alu0: dispatching uid: 7 FETCHED 0 'add	3,1,2' 
{0000000009 00000009 top.dispatch info} dispatchInstructions_: Sending instruction: uid: 7 FETCHED 0 'add	3,1,2'  to alu0
{0000000009 00000009 top.rename info} renameInstructions_: sending inst to dispatch: uid: 8 FETCHED 0 'add	3,1,2' 
{0000000009 00000009 top.rename info} renameInstructions_: 	setup destination register bit mask [8] for 'integer' scoreboard
{0000000009 00000009 top.rename info} renameInstructions_: Increasing reference counter on prf 1 and rf 0
{0000000009 00000009 top.rename info} renameInstructions_: 	setup source register bit mask [1] for 'integer' scoreboard
{0000000009 00000009 top.rename info} renameInstructions_: Increasing reference counter on prf 2 and rf 0
{0000000009 00000009 top.rename info} renameInstructions_: 	setup source register bit mask [1-2] for 'integer' scoreboard
{0000000009 00000009 top.decode info} inCredits: Got credits from dut: 1
{0000000009 00000009 top.decode info} Sending group: 0x00000000 UID(9)  PID(0)  add
{0000000010 00000010 top.dispatch info} dispatchQueueAppended_: queue appended: 0x00000000 UID(8)  PID(0)  add
{0000000010 00000010 top.alu0 info} sinkInst_: Instruction: 'uid: 7 FETCHED 0 'add	3,1,2' ' sinked
{0000000010 00000010 top.dispatch info} receiveCredits_: alu0 got 1 credits, total: 10
{0000000010 00000010 top.dispatch info} dispatchInstructions_: Num to dispatch: 1
{0000000010 00000010 top.dispatch info} acceptInst: alu0: dispatching uid: 8 FETCHED 0 'add	3,1,2' 
{0000000010 00000010 top.dispatch info} dispatchInstructions_: Sending instruction: uid: 8 FETCHED 0 'add	3,1,2'  to alu0
{0000000010 00000010 top.rename info} renameInstructions_: sending inst to dispatch: uid: 9 FETCHED 0 'add	3,1,2' 
{0000000010 00000010 top.rename info} renameInstructions_: 	setup destination register bit mask [9] for 'integer' scoreboard
{0000000010 00000010 top.rename info} renameInstructions_: Increasing reference counter on prf 1 and rf 0
{0000000010 00000010 top.rename info} renameInstructions_: 	setup source register bit mask [1] for 'integer' scoreboard
{0000000010 00000010 top.rename info} renameInstructions_: Increasing reference counter on prf 2 and rf 0
{0000000010 00000010 top.rename info} renameInstructions_: 	setup source register bit mask [1-2] for 'integer' scoreboard
{0000000010 00000010 top.decode info} inCredits: Got credits from dut: 1
{0000000010 00000010 top.decode info} Sending group: 0x00000000 UID(10)  PID(0)  add
{0000000011 00000011 top.dispatch info} dispatchQueueAppended_: queue appended: 0x00000000 UID(9)  PID(0)  add
{0000000011 00000011 top.alu0 info} sinkInst_: Instruction: 'uid: 8 FETCHED 0 'add	3,1,2' ' sinked
{0000000011 00000011 top.dispatch info} receiveCredits_: alu0 got 1 credits, total: 10
{0000000011 00000011 top.dispatch info} dispatchInstructions_: Num to dispatch: 1
{0000000011 00000011 top.dispatch info} acceptInst: alu0: dispatching uid: 9 FETCHED 0 'add	3,1,2' 
{0000000011 00000011 top.dispatch info} dispatchInstructions_: Sending instruction: uid: 9 FETCHED 0 'add	3,1,2'  to alu0
{0000000011 00000011 top.rename info} renameInstructions_: sending inst to dispatch: uid: 10 FETCHED 0 'add	3,1,2' 
{0000000011 00000011 top.rename info} renameInstructions_: 	setup destination register bit mask [10] for 'integer' scoreboard
{0000000011 00000011 top.rename info} renameInstructions_: Increasing reference counter on prf 1 and rf 0
{0000000011 00000011 top.rename info} renameInstructions_: 	setup source register bit mask [1] for 'integer' scoreboard
{0000000011 00000011 top.rename info} renameInstructions_: Increasing reference counter on prf 2 and rf 0
{0000000011 00000011 top.rename info} renameInstructions_: 	setup source register bit mask [1-2] for 'integer' scoreboard
{0000000011 00000011 top.decode info} inCredits: Got credits from dut: 1
{0000000011 00000011 top.decode info} Sending group: 0x00000000 UID(11)  PID(0)  add
{0000000012 00000012 top.dispatch info} dispatchQueueAppended_: queue appended: 0x00000000 UID(10)  PID(0)  add
{0000000012 00000012 top.dispatch info} scheduleDispatchSession: no rob credits or no instructions to process
{0000000012 00000012 top.alu0 info} sinkInst_: Instruction: 'uid: 9 FETCHED 0 'add	3,1,2' ' sinked
{0000000012 00000012 top.dispatch info} receiveCredits_: alu0 got 1 credits, total: 10
{0000000012 00000012 top.dispatch info} scheduleDispatchSession: no rob credits or no instructions to process
{0000000012 00000012 top.rename info} renameInstructions_: sending inst to dispatch: uid: 11 FETCHED 0 'add	3,1,2' 
{0000000012 00000012 top.rename info} renameInstructions_: 	setup destination register bit mask [11] for 'integer' scoreboard
{0000000012 00000012 top.rename info} renameInstructions_: Increasing reference counter on prf 1 and rf 0
{0000000012 00000012 top.rename info} renameInstructions_: 	setup source register bit mask [1] for 'integer' scoreboard
{0000000012 00000012 top.rename info} renameInstructions_: Increasing reference counter on prf 2 and rf 0
{0000000012 00000012 top.rename info} renameInstructions_: 	setup source register bit mask [1-2] for 'integer' scoreboard
{0000000012 00000012 top.decode info} inCredits: Got credits from dut: 1
{0000000012 00000012 top.decode info} Sending group: 0x00000000 UID(12)  PID(0)  add
{0000000013 00000013 top.dispatch info} dispatchQueueAppended_: queue appended: 0x00000000 UID(11)  PID(0)  add
{0000000013 00000013 top.dispatch info} scheduleDispatchSession: no rob credits or no instructions to process
{0000000013 00000013 top.dispatch info} receiveCredits_: alu0 got 0 credits, total: 10
{0000000013 00000013 top.dispatch info} scheduleDispatchSession: no rob credits or no instructions to process
{0000000013 00000013 top.rename info} renameInstructions_: sending inst to dispatch: uid: 12 FETCHED 0 'add	3,1,2' 
{0000000013 00000013 top.rename info} renameInstructions_: 	setup destination register bit mask [12] for 'integer' scoreboard
{0000000013 00000013 top.rename info} renameInstructions_: Increasing reference counter on prf 1 and rf 0
{0000000013 00000013 top.rename info} renameInstructions_: 	setup source register bit mask [1] for 'integer' scoreboard
{0000000013 00000013 top.rename info} renameInstructions_: Increasing reference counter on prf 2 and rf 0
{0000000013 00000013 top.rename info} renameInstructions_: 	setup source register bit mask [1-2] for 'integer' scoreboard
{0000000013 00000013 top.decode info} inCredits: Got credits from dut: 1
{0000000013 00000013 top.decode info} Sending group: 0x00000000 UID(13)  PID(0)  add
{0000000014 00000014 top.dispatch info} dispatchQueueAppended_: queue appended: 0x00000000 UID(12)  PID(0)  add
{0000000014 00000014 top.dispatch info} scheduleDispatchSession: no rob credits or no instructions to process
{0000000014 00000014 top.rename info} renameInstructions_: sending inst to dispatch: uid: 13 FETCHED 0 'add	3,1,2' 
{0000000014 00000014 top.rename info} renameInstructions_: 	setup destination register bit mask [13] for 'integer' scoreboard
{0000000014 00000014 top.rename info} renameInstructions_: Increasing reference counter on prf 1 and rf 0
{0000000014 00000014 top.rename info} renameInstructions_: 	setup source register bit mask [1] for 'integer' scoreboard
{0000000014 00000014 top.rename info} renameInstructions_: Increasing reference counter on prf 2 and rf 0
{0000000014 00000014 top.rename info} renameInstructions_: 	setup source register bit mask [1-2] for 'integer' scoreboard
{0000000014 00000014 top.decode info} inCredits: Got credits from dut: 1
{0000000014 00000014 top.decode info} Sending group: 0x00000000 UID(14)  PID(0)  add
{0000000015 00000015 top.dispatch info} dispatchQueueAppended_: queue appended: 0x00000000 UID(13)  PID(0)  add
{0000000015 00000015 top.dispatch info} scheduleDispatchSession: no rob credits or no instructions to process
{0000000015 00000015 top.rename info} renameInstructions_: sending inst to dispatch: uid: 14 FETCHED 0 'add	3,1,2' 
{0000000015 00000015 top.rename info} renameInstructions_: 	setup destination register bit mask [14] for 'integer' scoreboard
{0000000015 00000015 top.rename info} renameInstructions_: Increasing reference counter on prf 1 and rf 0
{0000000015 00000015 top.rename info} renameInstructions_: 	setup source register bit mask [1] for 'integer' scoreboard
{0000000015 00000015 top.rename info} renameInstructions_: Increasing reference counter on prf 2 and rf 0
{0000000015 00000015 top.rename info} renameInstructions_: 	setup source register bit mask [1-2] for 'integer' scoreboard
{0000000015 00000015 top.decode info} inCredits: Got credits from dut: 1
{0000000015 00000015 top.decode info} Sending group: 0x00000000 UID(15)  PID(0)  add
{0000000016 00000016 top.dispatch info} dispatchQueueAppended_: queue appended: 0x00000000 UID(14)  PID(0)  add
{0000000016 00000016 top.dispatch info} scheduleDispatchSession: no rob credits or no instructions to process
{0000000016 00000016 top.rename info} renameInstructions_: sending inst to dispatch: uid: 15 FETCHED 0 'add	3,1,2' 
{0000000016 00000016 top.rename info} renameInstructions_: 	setup destination register bit mask [15] for 'integer' scoreboard
{0000000016 00000016 top.rename info} renameInstructions_: Increasing reference counter on prf 1 and rf 0
{0000000016 00000016 top.rename info} renameInstructions_: 	setup source register bit mask [1] for 'integer' scoreboard
{0000000016 00000016 top.rename info} renameInstructions_: Increasing reference counter on prf 2 and rf 0
{0000000016 00000016 top.rename info} renameInstructions_: 	setup source register bit mask [1-2] for 'integer' scoreboard
{0000000016 00000016 top.decode info} inCredits: Got credits from dut: 1
{0000000016 00000016 top.decode info} Sending group: 0x00000000 UID(16)  PID(0)  add
{0000000017 00000017 top.dispatch info} dispatchQueueAppended_: queue appended: 0x00000000 UID(15)  PID(0)  add
{0000000017 00000017 top.dispatch info} scheduleDispatchSession: no rob credits or no instructions to process
{0000000017 00000017 top.rename info} renameInstructions_: sending inst to dispatch: uid: 16 FETCHED 0 'add	3,1,2' 
{0000000017 00000017 top.rename info} renameInstructions_: 	setup destination register bit mask [16] for 'integer' scoreboard
{0000000017 00000017 top.rename info} renameInstructions_: Increasing reference counter on prf 1 and rf 0
{0000000017 00000017 top.rename info} renameInstructions_: 	setup source register bit mask [1] for 'integer' scoreboard
{0000000017 00000017 top.rename info} renameInstructions_: Increasing reference counter on prf 2 and rf 0
{0000000017 00000017 top.rename info} renameInstructions_: 	setup source register bit mask [1-2] for 'integer' scoreboard
{0000000017 00000017 top.decode info} inCredits: Got credits from dut: 1
{0000000017 00000017 top.decode info} Sending group: 0x00000000 UID(17)  PID(0)  add
{0000000018 00000018 top.dispatch info} dispatchQueueAppended_: queue appended: 0x00000000 UID(16)  PID(0)  add
{0000000018 00000018 top.dispatch info} scheduleDispatchSession: no rob credits or no instructions to process
{0000000018 00000018 top.rename info} renameInstructions_: sending inst to dispatch: uid: 17 FETCHED 0 'add	3,1,2' 
{0000000018 00000018 top.rename info} renameInstructions_: 	setup destination register bit mask [17] for 'integer' scoreboard
{0000000018 00000018 top.rename info} renameInstructions_: Increasing reference counter on prf 1 and rf 0
{0000000018 00000018 top.rename info} renameInstructions_: 	setup source register bit mask [1] for 'integer' scoreboard
{0000000018 00000018 top.rename info} renameInstructions_: Increasing reference counter on prf 2 and rf 0
{0000000018 00000018 top.rename info} renameInstructions_: 	setup source register bit mask [1-2] for 'integer' scoreboard
{0000000018 00000018 top.decode info} inCredits: Got credits from dut: 1
{0000000018 00000018 top.decode info} Sending group: 0x00000000 UID(18)  PID(0)  add
{0000000019 00000019 top.dispatch info} dispatchQueueAppended_: queue appended: 0x00000000 UID(17)  PID(0)  add
{0000000019 00000019 top.dispatch info} scheduleDispatchSession: no rob credits or no instructions to process
{0000000019 00000019 top.rename info} renameInstructions_: sending inst to dispatch: uid: 18 FETCHED 0 'add	3,1,2' 
{0000000019 00000019 top.rename info} renameInstructions_: 	setup destination register bit mask [18] for 'integer' scoreboard
{0000000019 00000019 top.rename info} renameInstructions_: Increasing reference counter on prf 1 and rf 0
{0000000019 00000019 top.rename info} renameInstructions_: 	setup source register bit mask [1] for 'integer' scoreboard
{0000000019 00000019 top.rename info} renameInstructions_: Increasing reference counter on prf 2 and rf 0
{0000000019 00000019 top.rename info} renameInstructions_: 	setup source register bit mask [1-2] for 'integer' scoreboard
{0000000019 00000019 top.decode info} inCredits: Got credits from dut: 1
{0000000019 00000019 top.decode info} Sending group: 0x00000000 UID(19)  PID(0)  add
{0000000020 00000020 top.dispatch info} dispatchQueueAppended_: queue appended: 0x00000000 UID(18)  PID(0)  add
{0000000020 00000020 top.dispatch info} scheduleDispatchSession: no rob credits or no instructions to process
{0000000020 00000020 top.rename info} renameInstructions_: sending inst to dispatch: uid: 19 FETCHED 0 'add	3,1,2' 
{0000000020 00000020 top.rename info} renameInstructions_: 	setup destination register bit mask [19] for 'integer' scoreboard
{0000000020 00000020 top.rename info} renameInstructions_: Increasing reference counter on prf 1 and rf 0
{0000000020 00000020 top.rename info} renameInstructions_: 	setup source register bit mask [1] for 'integer' scoreboard
{0000000020 00000020 top.rename info} renameInstructions_: Increasing reference counter on prf 2 and rf 0
{0000000020 00000020 top.rename info} renameInstructions_: 	setup source register bit mask [1-2] for 'integer' scoreboard
{0000000020 00000020 top.decode info} inCredits: Got credits from dut: 1
{0000000020 00000020 top.decode info} Sending group: 0x00000000 UID(20)  PID(0)  add
{0000000021 00000021 top.dispatch info} dispatchQueueAppended_: queue appended: 0x00000000 UID(19)  PID(0)  add
{0000000021 00000021 top.dispatch info} scheduleDispatchSession: no rob credits or no instructions to process
